[[ processing test/test1.bx ]]
10
30
210
-20
40
0
-20
-400
50
60
